<html>
<body>
<pre>
<h1>µVision Build Log</h1>
<h2>Tool Versions:</h2>
IDE-Version: ¦ÌVision V5.33.0.0
Copyright (C) 2020 ARM Ltd and ARM Germany GmbH. All rights reserved.
License Information: wang Delitor, HFUT, LIC=VGXG8-365K9-ARTXW-QADPZ-JKCDE-1WBHF
 
Tool Versions:
Toolchain:       MDK-ARM Plus  Version: 5.34.0.0
Toolchain Path:  C:\Keil_v5\ARM\ARMCC\Bin
C Compiler:      Armcc.exe V5.06 update 7 (build 960)
Assembler:       Armasm.exe V5.06 update 7 (build 960)
Linker/Locator:  ArmLink.exe V5.06 update 7 (build 960)
Library Manager: ArmAr.exe V5.06 update 7 (build 960)
Hex Converter:   FromElf.exe V5.06 update 7 (build 960)
CPU DLL:         SARMCM3.DLL V5.34.0.0
Dialog DLL:      DCM.DLL V1.17.3.0
Target DLL:      STLink\ST-LINKIII-KEIL_SWO.dll V3.0.8.0
Dialog DLL:      TCM.DLL V1.48.0.0
 
<h2>Project:</h2>
D:\delitor\robomaster\2023\Hero 3.4\Hero3.4\MDK-ARM\standard_robot.uvprojx
Project File Date:  06/14/2022

<h2>Output:</h2>
*** Using Compiler 'V5.06 update 7 (build 960)', folder: 'C:\Keil_v5\ARM\ARMCC\Bin'
Build target 'standard_robot'
compiling CAN_receive.c...
..\app\CAN_receive.c(303): warning:  #186-D: pointless comparison of unsigned integer with zero
  				if( (temp_x <= AIM_POS_MAX_X) && (temp_x >= 0) )	enemy_x = temp_x;
..\app\CAN_receive.c(304): warning:  #186-D: pointless comparison of unsigned integer with zero
  				if( (temp_y <= AIM_POS_MAX_Y) && (temp_y >= 0) )	enemy_y = temp_y;
..\app\CAN_receive.c(65): warning:  #177-D: variable "gimbal_yaw"  was declared but never referenced
  static yaw_angle_exterd_t gimbal_yaw;
..\app\CAN_receive.c(66): warning:  #177-D: variable "chassis_yaw"  was declared but never referenced
  static yaw_angle_exterd_t chassis_yaw;
..\app\CAN_receive.c: 4 warnings, 0 errors
linking...
Program Size: Code=93916 RO-data=4064 RW-data=720 ZI-data=45568  
FromELF: creating hex file...
"standard_robot\standard_robot.axf" - 0 Error(s), 4 Warning(s).

<h2>Software Packages used:</h2>

Package Vendor: ARM
                http://www.keil.com/pack/ARM.CMSIS.5.7.0.pack
                ARM.CMSIS.5.7.0
                CMSIS (Cortex Microcontroller Software Interface Standard)
   * Component: CORE Version: 5.4.0

Package Vendor: Keil
                http://www.keil.com/pack/Keil.STM32F4xx_DFP.2.15.0.pack
                Keil.STM32F4xx_DFP.2.15.0
                STMicroelectronics STM32F4 Series Device Support, Drivers and Examples

<h2>Collection of Component include folders:</h2>
  .\RTE\_standard_robot
  C:\Users\Delitor\AppData\Local\Arm\Packs\ARM\CMSIS\5.7.0\CMSIS\Core\Include
  C:\Users\Delitor\AppData\Local\Arm\Packs\Keil\STM32F4xx_DFP\2.15.0\Drivers\CMSIS\Device\ST\STM32F4xx\Include

<h2>Collection of Component Files used:</h2>

   * Component: ARM::CMSIS:CORE:5.4.0
Build Time Elapsed:  00:00:03
</pre>
</body>
</html>
